apiVersion: v1
data: {}
kind: Secret
metadata:
  annotations: {}
  labels:
    name: credentials-cloudscale-metrics-collector
  name: credentials-cloudscale-metrics-collector
  namespace: appuio-cloud-reporting
stringData:
  CLOUDSCALE_API_TOKEN: t-silent-test-1234/c-green-test-1234/cloudscale-metrics-collector/cloudscale-metrics-collector/token
  KUBERNETES_SERVER_TOKEN: t-silent-test-1234/c-green-test-1234/cloudscale-metrics-collector/cloudscale-metrics-collector/cluster-token
  KUBERNETES_SERVER_URL: t-silent-test-1234/c-green-test-1234/cloudscale-metrics-collector/cloudscale-metrics-collector/cluster-server
type: Opaque
